[NO-SRC-MATCH] /en/home/news/usta-foundation-offline-by-aerie-and-the-aerie-real-foundatio
[ok] /en/home/news/leylah-fernandez-partners-with-usta-socal-and-bgcmla-for-youth-c
[ok] /en/home/news/six-student-athletes-awarded-first-grants-frances-tiafoe-fund
[ok] /en/home/news/jinjie-ling-dwight-f-davis-memorial-scholarship
[ok] /en/home/news/frances-tiafoe-holds-clinic-for-youth-from-houston-tennis-associ
[ok] /en/home/news/kings-county-tennis-league-nominated-for-laureus-sport-for-good
[ok] /en/home/news/excellence-program-alumna-robin-montgomery-reaches-first-wta-sem
[ok] /en/home/news/inaugural-usta-foundation-impact-conference
[ok] /en/home/news/robin-montgomery-investing-in-game
[ok] /en/home/news/james-blake-30th-anniversary-usta-foundation
[ok] /en/home/news/njtl-student-athletes-white-house-visit
[ok] /en/home/news/frances-tiafoe-presents-check-to-jtcc
[ok] /en/home/news/novo-nordisk-donnelly-scholarship-winners-meet-billie-jean-king
[ok] /en/home/news/kyrgios-sock-njtl-clinic-laver-cup-boston
[ok] /en/home/news/newport-njtl-honor-chris-evert
[ok] /en/home/news/usta-foundation-celebrates-2026-njtl-essay-contest-winners-at-us
[ok] /en/home/news/usta-foundation-launches-williams-family-excellence-program-at-2
[NO-SRC-MATCH] /en/home/news/tennis-has-been-my-vehicle-to-serve-sloane-stephens-shares-he
[ok] /en/home/news/usta-foundation-chairperson-chris-evert-announces-cancer-free
[ok] /en/home/news/njtl-essay-grant-recipients-2020
[ok] /en/home/news/ngounoue-excellence-team-junior-french-open
[ok] /en/home/news/usta-foundation-pledges-800-000-service-hours-in-support-of-mart
[ok] /en/home/news/usta-foundation-chris-evert-honored-itf-commitment-award
[ok] /en/home/news/sloane-stephens-honored-by-sports-business-journal
[NO-SRC-MATCH] /en/home/news/usta-foundation-partners-with-chase-to-award-over-250-000-to-he
[ok] /en/home/news/usta-foundation-launches-community-impact-hub-initiative
[ok] /en/home/news/njtl-student-athlete-ata-national-championships
[ok] /en/home/news/usta-foundation-rally-to-rebuild-campaign
[ok] /en/home/news/laver-cup-launches-2025-san-francisco-community-legacy-project-w
[ok] /en/home/news/kathleen-wu-usta-foundation-president
[ok] /en/home/news/fashion-icon-anna-wintour-honored-with-usta-foundation-paver-on
[ok] /en/home/news/njtl-essay-contest-winners-2024-open
[ok] /en/home/news/mississippi-njtl-family-biz-builder
[ok] /en/home/news/usta-foundation-announces-sloane-stephens-as-recipient-of-servin
[NO-SRC-MATCH] /en/home/news/usta-foundation-and-reginald-f-lewis-foundation-partner-to-empo
[ok] /en/home/news/usta-foundation-announces-chris-evert-chair
[ok] /en/home/news/tiafoe-houston-youth-clinic
[ok] /en/home/news/frances-tiafoe-awards-njtl-alumnus-with-college-scholarship
[ok] /en/home/news/kimmelman-sport-education-complex-los-angeles
[ok] /en/home/news/mackenzie-mcdonald-celebrates-the-launch-of-the-usta-foundation
[ok] /en/home/news/laver-cup-community-legacy-project-celebrates-court-unveiling-at
[ok] /en/home/news/usta-foundation-announces-new-advisory-board-members
[ok] /en/home/news/usta-foundation-and-yonex-team-up-to-transform-communities-and-e
[ok] /en/home/news/usta-foundation-exceeds-goal-rally-to-rebuild-campaign
[ok] /en/home/news/njtl-ace-jabeiro-brown
[ok] /en/home/news/robin-montgomery-wimbledon-debut
[NO-SRC-MATCH] /en/home/news/mackenzie-mcdonald-i-m-making-it-my-mission-to-help-open-the-s
[ok] /en/home/news/evert-speaks-on-rally-to-rebuild
[ok] /en/home/news/how-the-usta-foundation-and-realize-the-dream-are-set-to-inspire
[NO-SRC-MATCH] /en/home/news/frances-tiafoe-fund-surpasses-1-million-raised
[ok] /en/home/news/usta-foundation-to-honor-andre-agassi-with-serving-up-dreams-awa
[NO-SRC-MATCH] /en/home/news/usta-foundation-receives-transformative-2-7-million-gift-from-t
[ok] /en/home/news/usta-foundation-teams-up-with-la-roche-posay-for-events-at-selec
[NO-SRC-MATCH] /en/home/news/what-s-the-why-former-atp-wta-pros-open-up-on-their-support-of
[MISMATCH] /en/home/news/usta-foundation-scholarship-recipients-meet-billie-jean-king-at-0
    EDS: Home > USTA Foundation scholarship recipients meet Billie Jean King at the 2026 US Open
    SRC: Home > USTA Foundation scholarship recipients meet Billie Jean King at the 2025 US Open  (/en/home/news/usta-foundation-scholarship-recipients-meet-billie-jean-king-at-.html)
[ok] /en/home/news/usta-foundation-scholarship-recipients-meet-billie-jean-king-at
[ok] /en/home/news/2023-njtl-essay-contest-winners
[NO-SRC-MATCH] /en/home/news/women-s-history-month-2026-how-two-community-impact-hub-leaders
[ok] /en/home/news/usta-foundation-to-celebrate-winners-of-2025-national-junior-ten
[NO-SRC-MATCH] /en/home/news/usta-foundation-reginald-f-lewis-foundation-announce-inaugural
[ok] /en/home/news/espn-chris-mckendry-supports-usta-foundation
[NO-SRC-MATCH] /en/home/news/daymond-john-and-matt-ebert-share-wisdom-with-usta-foundation-s
[ok] /en/home/news/chris-evert-honored-espn-sports-humanitarian-awards
[ok] /en/home/news/chris-evert-honored-espys-usta-foundation-work
[ok] /en/home/news/clervie-ngounoue-first-junior-grand-slam-australia
[ok] /en/home/news/2026-usta-foundation-opening-night-gala-provides-young-people-wi
[ok] /en/home/news/clervie-ngounoue-wins-first-junior-grand-slam-australian-open
[ok] /en/home/news/carol-ngounoue-runner-up-wimbledon-event
[NO-SRC-MATCH] /en/home/news/black-history-month-2026-community-impact-hub-leader-john-borde
[ok] /en/home/news/delray-beach-youth-tennis-foundation-athletes-hit-the-court-with
[ok] /en/home/news/chris-evert-usta-foundation-much-more
[ok] /en/home/news/desert-smash-brings-together-hollywood-and-pro-tennis-to-benefit

=== NEWS BC SUMMARY ===
checked      : 72
ok           : 59
MISMATCH     : 1
no src match : 12
