Auditing 84 EDS pages…
  [2/84] /en/home/news/usta-foundation-offline-by-aerie-and-the-aerie-real-foundatio  links=35 bc=Home > USTA Foundation, OFFLINE by Aerie® and the Aerie Real Foundation™ partner to empower next generation of women in tennis
  [3/84] /en/home/news/leylah-fernandez-partners-with-usta-socal-and-bgcmla-for-youth-c  links=30 bc=Home > Leylah Fernandez partners with USTA SoCal and BGCMLA for youth clinic
  [4/84] /en/home/news/six-student-athletes-awarded-first-grants-frances-tiafoe-fund  links=30 bc=Home > Six student-athletes awarded first-ever grants from the Frances Tiafoe Fund
  [1/84] /en/home  links=32 bc=Home
  [6/84] /en/home/news/frances-tiafoe-holds-clinic-for-youth-from-houston-tennis-associ  links=30 bc=Home > Frances Tiafoe holds clinic for youth from Houston Tennis Association
  [5/84] /en/home/news/jinjie-ling-dwight-f-davis-memorial-scholarship  links=30 bc=Home > From the tennis courts of Houston to Duke University: Catching up with Jinjie Ling
  [7/84] /en/home/news/kings-county-tennis-league-nominated-for-laureus-sport-for-good  links=30 bc=Home > Kings County Tennis League nominated for Laureus Sport for Good Award
  [8/84] /en/home/news/excellence-program-alumna-robin-montgomery-reaches-first-wta-sem  links=30 bc=Home > Excellence Program alumna Robin Montgomery reaches first WTA semifinal
  [9/84] /en/home/news/inaugural-usta-foundation-impact-conference  links=30 bc=Home > Inaugural USTA Foundation Impact Conference invigorates and inspires NJTL leadership
  [10/84] /en/home/news/robin-montgomery-investing-in-game  links=31 bc=Home > Rising stock: Robin Montgomery investing in her game
  [11/84] /en/home/news/james-blake-30th-anniversary-usta-foundation  links=31 bc=Home > 'Close to my heart': James Blake celebrates 30th anniversary of USTA Foundation
  [12/84] /en/home/news/njtl-student-athletes-white-house-visit  links=30 bc=Home > NJTL student-athletes enjoy once-in-a-lifetime White House visit
  [13/84] /en/home/news/frances-tiafoe-presents-check-to-jtcc  links=30 bc=Home > Frances Tiafoe presents $50,000 check to JTCC from Frances Tiafoe Fund
  [14/84] /en/home/news/novo-nordisk-donnelly-scholarship-winners-meet-billie-jean-king  links=30 bc=Home > USTA Foundation Novo Nordisk Donnelly Scholarship winners meet Billie Jean King
  [16/84] /en/home/news/newport-njtl-honor-chris-evert  links=31 bc=Home > Home of Newport NJTL named in honor of Chris Evert
  [15/84] /en/home/news/kyrgios-sock-njtl-clinic-laver-cup-boston  links=32 bc=Home > Nick Kyrgios and Jack Sock participate in NJTL clinic at Laver Cup in Boston
  [17/84] /en/home/news/usta-foundation-celebrates-2026-njtl-essay-contest-winners-at-us  links=31 bc=Home > USTA Foundation celebrates 2026 NJTL essay contest winners at US Open Fan Week experience presented by Deloitte
  [19/84] /en/home/news/tennis-has-been-my-vehicle-to-serve-sloane-stephens-shares-he  links=31 bc=Home > 'Tennis has been my vehicle to serve': Sloane Stephens shares her love for community and philanthropy
  [18/84] /en/home/news/usta-foundation-launches-williams-family-excellence-program-at-2  links=27 bc=Home > USTA Foundation launches Williams Family Excellence Program at 2025 US Open
  [20/84] /en/home/news/usta-foundation-chairperson-chris-evert-announces-cancer-free  links=34 bc=Home > USTA Foundation chairperson Chris Evert announces she's cancer free
  [21/84] /en/home/news/njtl-essay-grant-recipients-2020  links=33 bc=Home > Evert speaks on 'Rally to Rebuild' in NY, LA: 'We want to get these kids back playing'
  [22/84] /en/home/news/ngounoue-excellence-team-junior-french-open  links=39 bc=Home > Montgomery, Ngounoue represent Excellence Team at junior French Open
  [23/84] /en/home/news/usta-foundation-pledges-800-000-service-hours-in-support-of-mart  links=31 bc=Home > USTA Foundation pledges 800,000 service hours in support of Martin Luther King Jr.-inspired “Realize the Dream” movement
  [24/84] /en/home/news/usta-foundation-chris-evert-honored-itf-commitment-award  links=36 bc=Home > USTA Foundation chairperson Chris Evert honored with ITF Commitment Award at Billie Jean King Cup
  [25/84] /en/home/news/sloane-stephens-honored-by-sports-business-journal  links=30 bc=Home > Sloane Stephens-founded NJTL honored by Sports Business Journal
  [26/84] /en/home/news/usta-foundation-partners-with-chase-to-award-over-250-000-to-he  links=31 bc=Home > USTA Foundation partners with Chase to award over $250,000 to help support young people on and off the court
  [27/84] /en/home/news/usta-foundation-launches-community-impact-hub-initiative  links=27 bc=Home > USTA Foundation launches Community Impact Hub initiative
  [28/84] /en/home/news/njtl-student-athlete-ata-national-championships  links=30 bc=Home > NJTL student-athletes shine at ATA National Championships
  [29/84] /en/home/news/usta-foundation-rally-to-rebuild-campaign  links=31 bc=Home > USTA Foundation launches 'Rally to Rebuild' campaign
  [32/84] /en/home/news/fashion-icon-anna-wintour-honored-with-usta-foundation-paver-on  links=30 bc=Home > Fashion icon Anna Wintour honored with USTA Foundation paver on US Open's Avenue of Aces
  [31/84] /en/home/news/kathleen-wu-usta-foundation-president  links=31 bc=Home > Kathleen Wu announced as next USTA Foundation President
  [30/84] /en/home/news/laver-cup-launches-2025-san-francisco-community-legacy-project-w  links=29 bc=Home > Laver Cup launches 2025 San Francisco Community Legacy Project with USTA Foundation
  [33/84] /en/home/news/njtl-essay-contest-winners-2024-open  links=30 bc=Home > NJTL Essay Contest winners celebrated during 2024 US Open
  [34/84] /en/home/news/mississippi-njtl-family-biz-builder  links=33 bc=Home > Mississippi NJTL Family Biz Builder featured in Tennis magazine
  [35/84] /en/home/news/usta-foundation-announces-sloane-stephens-as-recipient-of-servin  links=31 bc=Home > USTA Foundation announces Sloane Stephens as recipient of Serving Up Dreams Award
  [36/84] /en/home/news/usta-foundation-and-reginald-f-lewis-foundation-partner-to-empo  links=31 bc=Home > USTA Foundation and The Reginald F. Lewis Foundation partner to empower future leaders and honor outstanding mentors
  [37/84] /en/home/news/usta-foundation-announces-chris-evert-chair  links=30 bc=Home > USTA Foundation announces Chris Evert as Chair of the Board of Directors
  [38/84] /en/home/news/tiafoe-houston-youth-clinic  links=30 bc=Home > Frances Tiafoe joins Houston youth for clinic in support of Frances Tiafoe Fund
  [40/84] /en/home/news/kimmelman-sport-education-complex-los-angeles  links=31 bc=Home > USTA Foundation and other partners commit to Kimmelman sport and education complex in Los Angeles
  [39/84] /en/home/news/frances-tiafoe-awards-njtl-alumnus-with-college-scholarship  links=31 bc=Home > Frances Tiafoe awards NJTL alumnus with $30,000 college scholarship
  [41/84] /en/home/news/mackenzie-mcdonald-celebrates-the-launch-of-the-usta-foundation  links=31 bc=Home > Mackenzie McDonald celebrates the launch of the USTA Foundation's Mackie McDonald College Fund
  [42/84] /en/home/news/laver-cup-community-legacy-project-celebrates-court-unveiling-at  links=30 bc=Home > Laver Cup Community Legacy Project celebrates court unveiling at John McLaren Park
  [43/84] /en/home/news/usta-foundation-announces-new-advisory-board-members  links=30 bc=Home > USTA Foundation announces new Advisory Board members
  [44/84] /en/home/news/usta-foundation-and-yonex-team-up-to-transform-communities-and-e  links=32 bc=Home > USTA Foundation and Yonex team up to transform communities and empower the next generation of leaders
  [45/84] /en/home/news/usta-foundation-exceeds-goal-rally-to-rebuild-campaign  links=30 bc=Home > USTA Foundation exceeds goal of 'Rally to Rebuild' campaign
  [46/84] /en/home/news/njtl-ace-jabeiro-brown  links=31 bc=Home > From New York to UCF: Catching up with NJTL ace Jabeiro Brown
  [48/84] /en/home/news/mackenzie-mcdonald-i-m-making-it-my-mission-to-help-open-the-s  links=31 bc=Home > Mackenzie McDonald: 'I'm making it my mission to help open the same doors for the next generation.'
  [47/84] /en/home/news/robin-montgomery-wimbledon-debut  links=32 bc=Home > Excellence Team alumna Robin Montgomery makes Wimbledon debut, earns first Grand Slam main-draw win
  [49/84] /en/home/news/evert-speaks-on-rally-to-rebuild  links=33 bc=Home > Evert speaks on 'Rally to Rebuild' in NY, LA: 'We want to get these kids back playing'
  [50/84] /en/home/news/how-the-usta-foundation-and-realize-the-dream-are-set-to-inspire  links=31 bc=Home > How the USTA Foundation and Realize the Dream are set to inspire a new generation in service and leadership
  [51/84] /en/home/news/frances-tiafoe-fund-surpasses-1-million-raised  links=32 bc=Home > Frances Tiafoe Fund surpasses $1 million raised
  [52/84] /en/home/news/usta-foundation-to-honor-andre-agassi-with-serving-up-dreams-awa  links=27 bc=Home > USTA Foundation to honor Andre Agassi with Serving Up Dreams Award at the 2025 US Open
  [53/84] /en/home/news/usta-foundation-receives-transformative-2-7-million-gift-from-t  links=30 bc=Home > USTA Foundation receives transformative $2.7 million gift from the Chess Foundation
  [54/84] /en/home/news/usta-foundation-teams-up-with-la-roche-posay-for-events-at-selec  links=30 bc=Home > USTA Foundation teams up with La Roche-Posay for events at select NJTL chapters
  [55/84] /en/home/news/what-s-the-why-former-atp-wta-pros-open-up-on-their-support-of  links=30 bc=Home > What’s the why? Former ATP, WTA pros open up on their support of the USTA Foundation
  [56/84] /en/home/news/usta-foundation-scholarship-recipients-meet-billie-jean-king-at-0  links=31 bc=Home > USTA Foundation scholarship recipients meet Billie Jean King at the 2026 US Open
  [57/84] /en/home/news/usta-foundation-scholarship-recipients-meet-billie-jean-king-at  links=27 bc=Home > USTA Foundation scholarship recipients meet Billie Jean King at the 2025 US Open
  [58/84] /en/home/news/2023-njtl-essay-contest-winners  links=30 bc=Home > 2023 NJTL Essay Contest Winners
  [59/84] /en/home/news/women-s-history-month-2026-how-two-community-impact-hub-leaders  links=33 bc=Home > Women’s History Month 2026: How two Community Impact Hub leaders are using the power of tennis to inspire youth in Atlanta
  [61/84] /en/home/news/usta-foundation-reginald-f-lewis-foundation-announce-inaugural  links=31 bc=Home > USTA Foundation, Reginald F. Lewis Foundation announce inaugural recipients of Reginald F. Lewis Game Changer Award
  [60/84] /en/home/news/usta-foundation-to-celebrate-winners-of-2025-national-junior-ten  links=27 bc=Home > USTA Foundation to celebrate winners of 2025 NJTL Essay Contest during US Open Fan Week
  [62/84] /en/home/news/espn-chris-mckendry-supports-usta-foundation  links=30 bc=Home > ESPN's Chris McKendry explains why she supports the USTA Foundation
  [63/84] /en/home/news/daymond-john-and-matt-ebert-share-wisdom-with-usta-foundation-s  links=31 bc=Home > Daymond John and Matt Ebert share wisdom with USTA Foundation students during 2025 US Open
  [65/84] /en/home/news/chris-evert-honored-espys-usta-foundation-work  links=34 bc=Home > Watch: Chris Evert honored at ESPYs for USTA Foundation work
  [64/84] /en/home/news/chris-evert-honored-espn-sports-humanitarian-awards  links=34 bc=Home > Chris Evert to be honored by ESPN at 2022 Sports Humanitarian Awards
  [66/84] /en/home/news/clervie-ngounoue-first-junior-grand-slam-australia  links=37 bc=Home > Clervie Ngounoue reaches first junior Grand Slam final in Australia
  [67/84] /en/home/news/2026-usta-foundation-opening-night-gala-provides-young-people-wi  links=31 bc=Home > 2026 USTA Foundation Opening Night Gala provides young people with opportunities to unlock their excellence
  [68/84] /en/home/news/clervie-ngounoue-wins-first-junior-grand-slam-australian-open  links=34 bc=Home > Clervie Ngounoue wins first junior Grand Slam at Australian Open
  [69/84] /en/home/news/carol-ngounoue-runner-up-wimbledon-event  links=36 bc=Home > Carel Ngounoue finishes runner-up at inaugural 14-and-under Wimbledon event
  [70/84] /en/home/news/black-history-month-2026-community-impact-hub-leader-john-borde  links=30 bc=Home > Black History Month 2026: Community Impact Hub leader John Borden reflects on tennis as an ‘unexpected anchor’
  [71/84] /en/home/news/delray-beach-youth-tennis-foundation-athletes-hit-the-court-with  links=34 bc=Home > Delray Beach Youth Tennis Foundation athletes hit the court with Frances Tiafoe
  [72/84] /en/home/news/chris-evert-usta-foundation-much-more  links=31 bc=Home > Chris Evert: 'The USTA Foundation is about so much more than hitting a ball'
  [73/84] /en/home/news/desert-smash-brings-together-hollywood-and-pro-tennis-to-benefit  links=30 bc=Home > Desert Smash brings together Hollywood and pro tennis to benefit USTA Foundation
  [74/84] /en/home/who-we-are/leadership-and-staff  links=27 bc=Home > Who We Are > Leadership & Staff
  [75/84] /en/home/who-we-are  links=28 bc=Home > Who We Are
  [76/84] /en/home/get-involved  links=29 bc=Home > Get Involved
  [77/84] /en/home/what-we-do  links=26 bc=Home > What We Do
  [78/84] /en/home/our-impact  links=25 bc=Home > Our Impact
  [79/84] /en/home/get-involved/special-funds  links=33 bc=Home > Get Involved > Special Funds
  [80/84] /en/home/who-we-are/financials  links=45 bc=Home > Who We Are > Annual Reports and Financial Information
  [82/84] /en/home/what-we-do/college-scholarship-opportunities  links=26 bc=Home > What We Do > College Scholarship Opportunities
  [81/84] /en/home/news  links=24 bc=Home
  [83/84] /en/home/get-involved/special-funds/chris-evert-50th-anniversary  links=27 bc=Home > Get Involved > Special Funds > Chris Evert 50th anniversary
  [84/84] /en/home/get-involved/young-professional-initiative  links=27 bc=Home > Get Involved > Young Professional Initiative

Checking 367 unique links…

=== SUMMARY ===
pages audited        : 84
unique links checked : 367
BROKEN links (>=400) : 91
source-domain docs   : 0
breadcrumb mismatches: 16
  → internal broken   : 11 (real problems)
  → external broken   : 80 (bot-blocked / pre-existing)

--- BROKEN ---
  404  [INTERNAL]  https://main--foundation-usta--aemdemos.aem.live/en/home/stay-current/national/usta-foundation-launches-rally-to-rebuild-fundraising-campaign
        on: /en/home/news/usta-foundation-launches-williams-family-excellence-program-at-2, /en/home/news/laver-cup-community-legacy-project-celebrates-court-unveiling-at
  404  [INTERNAL]  https://main--foundation-usta--aemdemos.aem.live/en/home/stay-current/national/usta-foundation-continues-to-serve-youth-during-unprecedented-20
        on: /en/home/news/usta-foundation-launches-williams-family-excellence-program-at-2, /en/home/news/laver-cup-community-legacy-project-celebrates-court-unveiling-at
  404  [INTERNAL]  https://main--foundation-usta--aemdemos.aem.live/en/home/stay-current/national/kathleen-wu-announced-as-next-usta-foundation-president
        on: /en/home/news/usta-foundation-launches-williams-family-excellence-program-at-2, /en/home/news/laver-cup-community-legacy-project-celebrates-court-unveiling-at
  404  [INTERNAL]  https://main--foundation-usta--aemdemos.aem.live/en/home/stay-current/national/usta-foundation-to-celebrate-30th-anniversary-by-kicking-off
        on: /en/home/news/usta-foundation-launches-community-impact-hub-initiative, /en/home/news/frances-tiafoe-awards-njtl-alumnus-with-college-scholarship, /en/home/news/chris-evert-usta-foundation-much-more
  404  [INTERNAL]  https://main--foundation-usta--aemdemos.aem.live/en/home/stay-current/national/frances-tiafoe-joins-dallas-youth-for-on-court-clinic-to-support
        on: /en/home/news/usta-foundation-launches-community-impact-hub-initiative, /en/home/news/frances-tiafoe-awards-njtl-alumnus-with-college-scholarship
  404  [INTERNAL]  https://main--foundation-usta--aemdemos.aem.live/en/home/stay-current/national/usta-foundation-joins-forces-with-frances-tiafoe-to-launch-franc
        on: /en/home/news/usta-foundation-launches-community-impact-hub-initiative, /en/home/news/frances-tiafoe-awards-njtl-alumnus-with-college-scholarship
  404  [INTERNAL]  https://main--foundation-usta--aemdemos.aem.live/en/home/stay-current/national/usta-foundation-launches-rally-for-the-future-fundraising-campai
        on: /en/home/news/usta-foundation-scholarship-recipients-meet-billie-jean-king-at
  404  [INTERNAL]  https://main--foundation-usta--aemdemos.aem.live/en/home/stay-current/national/usta-foundation-commits-to-kimmelman-complex-in-los-angeles
        on: /en/home/news/usta-foundation-scholarship-recipients-meet-billie-jean-king-at
  404  [INTERNAL]  https://main--foundation-usta--aemdemos.aem.live/en/home/stay-current/national/tauheed-browning-of-legacy-njtl-makes-professional-debut-on-us
        on: /en/home/news/usta-foundation-scholarship-recipients-meet-billie-jean-king-at
  404  [INTERNAL]  https://main--foundation-usta--aemdemos.aem.live/content/dam/usta-foundation/pdfs/impact-societies-one-pager-pdf
        on: /en/home/get-involved
  404  [INTERNAL]  https://main--foundation-usta--aemdemos.aem.live/content/dam/usta-foundation/pdfs/2026-scholarship-program-faq-pdf
        on: /en/home/what-we-do/college-scholarship-opportunities
  0  [ext,on-src]  http://kimmelmancampus.org/
        on: /en/home/news/kimmelman-sport-education-complex-los-angeles
  0  [ext]  https://www.ustafoundation.com/mcdonaldfund/
        on: /en/home/news/mackenzie-mcdonald-celebrates-the-launch-of-the-usta-foundation, /en/home/news/mackenzie-mcdonald-i-m-making-it-my-mission-to-help-open-the-s
  400  [ext]  https://www.facebook.com/sharer/sharer.php?u=https%3A%2F%2Fmain--foundation-usta--aemdemos.aem.live%2Fen%2Fhome%2Fnews%2Fusta-foundation-offline-by-aerie-and-the-aerie-real-foundatio
        on: /en/home/news/usta-foundation-offline-by-aerie-and-the-aerie-real-foundatio
  400  [ext,on-src]  https://www.facebook.com/USTAFoundation/
        on: /en/home/news/usta-foundation-offline-by-aerie-and-the-aerie-real-foundatio, /en/home/news/leylah-fernandez-partners-with-usta-socal-and-bgcmla-for-youth-c, /en/home/news/six-student-athletes-awarded-first-grants-frances-tiafoe-fund (+81)
  400  [ext]  https://www.facebook.com/sharer/sharer.php?u=https%3A%2F%2Fmain--foundation-usta--aemdemos.aem.live%2Fen%2Fhome%2Fnews%2Fleylah-fernandez-partners-with-usta-socal-and-bgcmla-for-youth-c
        on: /en/home/news/leylah-fernandez-partners-with-usta-socal-and-bgcmla-for-youth-c
  400  [ext]  https://www.facebook.com/sharer/sharer.php?u=https%3A%2F%2Fmain--foundation-usta--aemdemos.aem.live%2Fen%2Fhome%2Fnews%2Fsix-student-athletes-awarded-first-grants-frances-tiafoe-fund
        on: /en/home/news/six-student-athletes-awarded-first-grants-frances-tiafoe-fund
  400  [ext]  https://www.facebook.com/sharer/sharer.php?u=https%3A%2F%2Fmain--foundation-usta--aemdemos.aem.live%2Fen%2Fhome%2Fnews%2Ffrances-tiafoe-holds-clinic-for-youth-from-houston-tennis-associ
        on: /en/home/news/frances-tiafoe-holds-clinic-for-youth-from-houston-tennis-associ
  400  [ext]  https://www.facebook.com/sharer/sharer.php?u=https%3A%2F%2Fmain--foundation-usta--aemdemos.aem.live%2Fen%2Fhome%2Fnews%2Fjinjie-ling-dwight-f-davis-memorial-scholarship
        on: /en/home/news/jinjie-ling-dwight-f-davis-memorial-scholarship
  400  [ext]  https://www.facebook.com/sharer/sharer.php?u=https%3A%2F%2Fmain--foundation-usta--aemdemos.aem.live%2Fen%2Fhome%2Fnews%2Fkings-county-tennis-league-nominated-for-laureus-sport-for-good
        on: /en/home/news/kings-county-tennis-league-nominated-for-laureus-sport-for-good
  400  [ext]  https://www.facebook.com/sharer/sharer.php?u=https%3A%2F%2Fmain--foundation-usta--aemdemos.aem.live%2Fen%2Fhome%2Fnews%2Fexcellence-program-alumna-robin-montgomery-reaches-first-wta-sem
        on: /en/home/news/excellence-program-alumna-robin-montgomery-reaches-first-wta-sem
  400  [ext]  https://www.facebook.com/sharer/sharer.php?u=https%3A%2F%2Fmain--foundation-usta--aemdemos.aem.live%2Fen%2Fhome%2Fnews%2Finaugural-usta-foundation-impact-conference
        on: /en/home/news/inaugural-usta-foundation-impact-conference
  400  [ext]  https://www.facebook.com/sharer/sharer.php?u=https%3A%2F%2Fmain--foundation-usta--aemdemos.aem.live%2Fen%2Fhome%2Fnews%2Frobin-montgomery-investing-in-game
        on: /en/home/news/robin-montgomery-investing-in-game
  400  [ext]  https://www.facebook.com/sharer/sharer.php?u=https%3A%2F%2Fmain--foundation-usta--aemdemos.aem.live%2Fen%2Fhome%2Fnews%2Fjames-blake-30th-anniversary-usta-foundation
        on: /en/home/news/james-blake-30th-anniversary-usta-foundation
  400  [ext]  https://www.facebook.com/sharer/sharer.php?u=https%3A%2F%2Fmain--foundation-usta--aemdemos.aem.live%2Fen%2Fhome%2Fnews%2Fnjtl-student-athletes-white-house-visit
        on: /en/home/news/njtl-student-athletes-white-house-visit
  400  [ext]  https://www.facebook.com/sharer/sharer.php?u=https%3A%2F%2Fmain--foundation-usta--aemdemos.aem.live%2Fen%2Fhome%2Fnews%2Ffrances-tiafoe-presents-check-to-jtcc
        on: /en/home/news/frances-tiafoe-presents-check-to-jtcc
  400  [ext]  https://www.facebook.com/sharer/sharer.php?u=https%3A%2F%2Fmain--foundation-usta--aemdemos.aem.live%2Fen%2Fhome%2Fnews%2Fnovo-nordisk-donnelly-scholarship-winners-meet-billie-jean-king
        on: /en/home/news/novo-nordisk-donnelly-scholarship-winners-meet-billie-jean-king
  400  [ext]  https://www.facebook.com/sharer/sharer.php?u=https%3A%2F%2Fmain--foundation-usta--aemdemos.aem.live%2Fen%2Fhome%2Fnews%2Fnewport-njtl-honor-chris-evert
        on: /en/home/news/newport-njtl-honor-chris-evert
  400  [ext]  https://www.facebook.com/sharer/sharer.php?u=https%3A%2F%2Fmain--foundation-usta--aemdemos.aem.live%2Fen%2Fhome%2Fnews%2Fkyrgios-sock-njtl-clinic-laver-cup-boston
        on: /en/home/news/kyrgios-sock-njtl-clinic-laver-cup-boston
  400  [ext]  https://www.facebook.com/sharer/sharer.php?u=https%3A%2F%2Fmain--foundation-usta--aemdemos.aem.live%2Fen%2Fhome%2Fnews%2Fusta-foundation-celebrates-2026-njtl-essay-contest-winners-at-us
        on: /en/home/news/usta-foundation-celebrates-2026-njtl-essay-contest-winners-at-us
  400  [ext]  https://www.facebook.com/sharer/sharer.php?u=https%3A%2F%2Fmain--foundation-usta--aemdemos.aem.live%2Fen%2Fhome%2Fnews%2Ftennis-has-been-my-vehicle-to-serve-sloane-stephens-shares-he
        on: /en/home/news/tennis-has-been-my-vehicle-to-serve-sloane-stephens-shares-he
  400  [ext]  https://www.facebook.com/sharer/sharer.php?u=https%3A%2F%2Fmain--foundation-usta--aemdemos.aem.live%2Fen%2Fhome%2Fnews%2Fusta-foundation-chairperson-chris-evert-announces-cancer-free
        on: /en/home/news/usta-foundation-chairperson-chris-evert-announces-cancer-free
  400  [ext]  https://www.facebook.com/sharer/sharer.php?u=https%3A%2F%2Fmain--foundation-usta--aemdemos.aem.live%2Fen%2Fhome%2Fnews%2Fnjtl-essay-grant-recipients-2020
        on: /en/home/news/njtl-essay-grant-recipients-2020
  400  [ext]  https://www.facebook.com/sharer/sharer.php?u=https%3A%2F%2Fmain--foundation-usta--aemdemos.aem.live%2Fen%2Fhome%2Fnews%2Fngounoue-excellence-team-junior-french-open
        on: /en/home/news/ngounoue-excellence-team-junior-french-open
  400  [ext]  https://www.facebook.com/sharer/sharer.php?u=https%3A%2F%2Fmain--foundation-usta--aemdemos.aem.live%2Fen%2Fhome%2Fnews%2Fusta-foundation-pledges-800-000-service-hours-in-support-of-mart
        on: /en/home/news/usta-foundation-pledges-800-000-service-hours-in-support-of-mart
  400  [ext]  https://www.facebook.com/sharer/sharer.php?u=https%3A%2F%2Fmain--foundation-usta--aemdemos.aem.live%2Fen%2Fhome%2Fnews%2Fusta-foundation-chris-evert-honored-itf-commitment-award
        on: /en/home/news/usta-foundation-chris-evert-honored-itf-commitment-award
  400  [ext]  https://www.facebook.com/sharer/sharer.php?u=https%3A%2F%2Fmain--foundation-usta--aemdemos.aem.live%2Fen%2Fhome%2Fnews%2Fsloane-stephens-honored-by-sports-business-journal
        on: /en/home/news/sloane-stephens-honored-by-sports-business-journal
  400  [ext]  https://www.facebook.com/sharer/sharer.php?u=https%3A%2F%2Fmain--foundation-usta--aemdemos.aem.live%2Fen%2Fhome%2Fnews%2Fusta-foundation-partners-with-chase-to-award-over-250-000-to-he
        on: /en/home/news/usta-foundation-partners-with-chase-to-award-over-250-000-to-he
  400  [ext]  https://www.facebook.com/sharer/sharer.php?u=https%3A%2F%2Fmain--foundation-usta--aemdemos.aem.live%2Fen%2Fhome%2Fnews%2Fnjtl-student-athlete-ata-national-championships
        on: /en/home/news/njtl-student-athlete-ata-national-championships
  400  [ext]  https://www.facebook.com/sharer/sharer.php?u=https%3A%2F%2Fmain--foundation-usta--aemdemos.aem.live%2Fen%2Fhome%2Fnews%2Fusta-foundation-rally-to-rebuild-campaign
        on: /en/home/news/usta-foundation-rally-to-rebuild-campaign
  400  [ext]  https://www.facebook.com/sharer/sharer.php?u=https%3A%2F%2Fmain--foundation-usta--aemdemos.aem.live%2Fen%2Fhome%2Fnews%2Ffashion-icon-anna-wintour-honored-with-usta-foundation-paver-on
        on: /en/home/news/fashion-icon-anna-wintour-honored-with-usta-foundation-paver-on
  400  [ext]  https://www.facebook.com/sharer/sharer.php?u=https%3A%2F%2Fmain--foundation-usta--aemdemos.aem.live%2Fen%2Fhome%2Fnews%2Fkathleen-wu-usta-foundation-president
        on: /en/home/news/kathleen-wu-usta-foundation-president
  400  [ext]  https://www.facebook.com/sharer/sharer.php?u=https%3A%2F%2Fmain--foundation-usta--aemdemos.aem.live%2Fen%2Fhome%2Fnews%2Fnjtl-essay-contest-winners-2024-open
        on: /en/home/news/njtl-essay-contest-winners-2024-open
  400  [ext]  https://www.facebook.com/sharer/sharer.php?u=https%3A%2F%2Fmain--foundation-usta--aemdemos.aem.live%2Fen%2Fhome%2Fnews%2Fmississippi-njtl-family-biz-builder
        on: /en/home/news/mississippi-njtl-family-biz-builder
  400  [ext]  https://www.facebook.com/sharer/sharer.php?u=https%3A%2F%2Fmain--foundation-usta--aemdemos.aem.live%2Fen%2Fhome%2Fnews%2Fusta-foundation-announces-sloane-stephens-as-recipient-of-servin
        on: /en/home/news/usta-foundation-announces-sloane-stephens-as-recipient-of-servin
  400  [ext]  https://www.facebook.com/sharer/sharer.php?u=https%3A%2F%2Fmain--foundation-usta--aemdemos.aem.live%2Fen%2Fhome%2Fnews%2Fusta-foundation-and-reginald-f-lewis-foundation-partner-to-empo
        on: /en/home/news/usta-foundation-and-reginald-f-lewis-foundation-partner-to-empo
  400  [ext]  https://www.facebook.com/sharer/sharer.php?u=https%3A%2F%2Fmain--foundation-usta--aemdemos.aem.live%2Fen%2Fhome%2Fnews%2Fusta-foundation-announces-chris-evert-chair
        on: /en/home/news/usta-foundation-announces-chris-evert-chair
  400  [ext]  https://www.facebook.com/sharer/sharer.php?u=https%3A%2F%2Fmain--foundation-usta--aemdemos.aem.live%2Fen%2Fhome%2Fnews%2Ftiafoe-houston-youth-clinic
        on: /en/home/news/tiafoe-houston-youth-clinic
  400  [ext]  https://www.facebook.com/sharer/sharer.php?u=https%3A%2F%2Fmain--foundation-usta--aemdemos.aem.live%2Fen%2Fhome%2Fnews%2Fkimmelman-sport-education-complex-los-angeles
        on: /en/home/news/kimmelman-sport-education-complex-los-angeles
  400  [ext]  https://www.facebook.com/sharer/sharer.php?u=https%3A%2F%2Fmain--foundation-usta--aemdemos.aem.live%2Fen%2Fhome%2Fnews%2Ffrances-tiafoe-awards-njtl-alumnus-with-college-scholarship
        on: /en/home/news/frances-tiafoe-awards-njtl-alumnus-with-college-scholarship
  400  [ext]  https://www.facebook.com/sharer/sharer.php?u=https%3A%2F%2Fmain--foundation-usta--aemdemos.aem.live%2Fen%2Fhome%2Fnews%2Fmackenzie-mcdonald-celebrates-the-launch-of-the-usta-foundation
        on: /en/home/news/mackenzie-mcdonald-celebrates-the-launch-of-the-usta-foundation
  400  [ext]  https://www.facebook.com/sharer/sharer.php?u=https%3A%2F%2Fmain--foundation-usta--aemdemos.aem.live%2Fen%2Fhome%2Fnews%2Flaver-cup-community-legacy-project-celebrates-court-unveiling-at
        on: /en/home/news/laver-cup-community-legacy-project-celebrates-court-unveiling-at
  400  [ext]  https://www.facebook.com/sharer/sharer.php?u=https%3A%2F%2Fmain--foundation-usta--aemdemos.aem.live%2Fen%2Fhome%2Fnews%2Fusta-foundation-announces-new-advisory-board-members
        on: /en/home/news/usta-foundation-announces-new-advisory-board-members
  400  [ext]  https://www.facebook.com/sharer/sharer.php?u=https%3A%2F%2Fmain--foundation-usta--aemdemos.aem.live%2Fen%2Fhome%2Fnews%2Fusta-foundation-and-yonex-team-up-to-transform-communities-and-e
        on: /en/home/news/usta-foundation-and-yonex-team-up-to-transform-communities-and-e
  400  [ext]  https://www.facebook.com/sharer/sharer.php?u=https%3A%2F%2Fmain--foundation-usta--aemdemos.aem.live%2Fen%2Fhome%2Fnews%2Fusta-foundation-exceeds-goal-rally-to-rebuild-campaign
        on: /en/home/news/usta-foundation-exceeds-goal-rally-to-rebuild-campaign
  400  [ext]  https://www.facebook.com/sharer/sharer.php?u=https%3A%2F%2Fmain--foundation-usta--aemdemos.aem.live%2Fen%2Fhome%2Fnews%2Fnjtl-ace-jabeiro-brown
        on: /en/home/news/njtl-ace-jabeiro-brown
  400  [ext]  https://www.facebook.com/sharer/sharer.php?u=https%3A%2F%2Fmain--foundation-usta--aemdemos.aem.live%2Fen%2Fhome%2Fnews%2Fmackenzie-mcdonald-i-m-making-it-my-mission-to-help-open-the-s
        on: /en/home/news/mackenzie-mcdonald-i-m-making-it-my-mission-to-help-open-the-s
  400  [ext]  https://www.facebook.com/sharer/sharer.php?u=https%3A%2F%2Fmain--foundation-usta--aemdemos.aem.live%2Fen%2Fhome%2Fnews%2Frobin-montgomery-wimbledon-debut
        on: /en/home/news/robin-montgomery-wimbledon-debut
  400  [ext]  https://www.facebook.com/sharer/sharer.php?u=https%3A%2F%2Fmain--foundation-usta--aemdemos.aem.live%2Fen%2Fhome%2Fnews%2Fevert-speaks-on-rally-to-rebuild
        on: /en/home/news/evert-speaks-on-rally-to-rebuild
  400  [ext]  https://www.facebook.com/sharer/sharer.php?u=https%3A%2F%2Fmain--foundation-usta--aemdemos.aem.live%2Fen%2Fhome%2Fnews%2Fhow-the-usta-foundation-and-realize-the-dream-are-set-to-inspire
        on: /en/home/news/how-the-usta-foundation-and-realize-the-dream-are-set-to-inspire

--- BREADCRUMB MISMATCHES ---
  /en/home/news/usta-foundation-offline-by-aerie-and-the-aerie-real-foundatio
      EDS: Home > USTA Foundation, OFFLINE by Aerie® and the Aerie Real Foundation™ partner to empower next generation of women in tennis
      SRC: Home > 404
  /en/home/news/kings-county-tennis-league-nominated-for-laureus-sport-for-good
      EDS: Home > Kings County Tennis League nominated for Laureus Sport for Good Award
      SRC: Home > 404
  /en/home/news/tennis-has-been-my-vehicle-to-serve-sloane-stephens-shares-he
      EDS: Home > 'Tennis has been my vehicle to serve': Sloane Stephens shares her love for community and philanthropy
      SRC: Home > 404
  /en/home/news/usta-foundation-partners-with-chase-to-award-over-250-000-to-he
      EDS: Home > USTA Foundation partners with Chase to award over $250,000 to help support young people on and off the court
      SRC: Home > 404
  /en/home/news/fashion-icon-anna-wintour-honored-with-usta-foundation-paver-on
      EDS: Home > Fashion icon Anna Wintour honored with USTA Foundation paver on US Open's Avenue of Aces
      SRC: Home > 404
  /en/home/news/usta-foundation-and-reginald-f-lewis-foundation-partner-to-empo
      EDS: Home > USTA Foundation and The Reginald F. Lewis Foundation partner to empower future leaders and honor outstanding mentors
      SRC: Home > 404
  /en/home/news/mackenzie-mcdonald-celebrates-the-launch-of-the-usta-foundation
      EDS: Home > Mackenzie McDonald celebrates the launch of the USTA Foundation's Mackie McDonald College Fund
      SRC: Home > 404
  /en/home/news/mackenzie-mcdonald-i-m-making-it-my-mission-to-help-open-the-s
      EDS: Home > Mackenzie McDonald: 'I'm making it my mission to help open the same doors for the next generation.'
      SRC: Home > 404
  /en/home/news/frances-tiafoe-fund-surpasses-1-million-raised
      EDS: Home > Frances Tiafoe Fund surpasses $1 million raised
      SRC: Home > 404
  /en/home/news/usta-foundation-receives-transformative-2-7-million-gift-from-t
      EDS: Home > USTA Foundation receives transformative $2.7 million gift from the Chess Foundation
      SRC: Home > 404
  /en/home/news/what-s-the-why-former-atp-wta-pros-open-up-on-their-support-of
      EDS: Home > What’s the why? Former ATP, WTA pros open up on their support of the USTA Foundation
      SRC: Home > 404
  /en/home/news/usta-foundation-scholarship-recipients-meet-billie-jean-king-at
      EDS: Home > USTA Foundation scholarship recipients meet Billie Jean King at the 2025 US Open
      SRC: Home > 404
  /en/home/news/women-s-history-month-2026-how-two-community-impact-hub-leaders
      EDS: Home > Women’s History Month 2026: How two Community Impact Hub leaders are using the power of tennis to inspire youth in Atlanta
      SRC: Home > 404
  /en/home/news/usta-foundation-reginald-f-lewis-foundation-announce-inaugural
      EDS: Home > USTA Foundation, Reginald F. Lewis Foundation announce inaugural recipients of Reginald F. Lewis Game Changer Award
      SRC: Home > 404
  /en/home/news/daymond-john-and-matt-ebert-share-wisdom-with-usta-foundation-s
      EDS: Home > Daymond John and Matt Ebert share wisdom with USTA Foundation students during 2025 US Open
      SRC: Home > 404
  /en/home/news/black-history-month-2026-community-impact-hub-leader-john-borde
      EDS: Home > Black History Month 2026: Community Impact Hub leader John Borden reflects on tennis as an ‘unexpected anchor’
      SRC: Home > 404

Full JSON: tools/quality/audit/audit-report.json
